[INFO] Scanning for projects...
[INFO] ------------------------------------------------------------------------
[INFO] Reactor Build Order:
[INFO] 
[INFO] final_course_sap parent                                            [pom]
[INFO] final_course_sap                                                   [jar]
[INFO] 
[INFO] ------------------< customer:final_course_sap-parent >------------------
[INFO] Building final_course_sap parent 1.0.0-SNAPSHOT                    [1/2]
[INFO]   from pom.xml
[INFO] --------------------------------[ pom ]---------------------------------
[INFO] 
[INFO] --- clean:3.2.0:clean (default-clean) @ final_course_sap-parent ---
[INFO] 
[INFO] --- flatten:1.7.3:clean (flatten.clean) @ final_course_sap-parent ---
[INFO] Deleting D:\Github\final_course_sap\.flattened-pom.xml
[INFO] 
[INFO] --- enforcer:3.6.2:enforce (Project Structure Checks) @ final_course_sap-parent ---
[INFO] Rule 0: org.apache.maven.enforcer.rules.version.RequireMavenVersion passed
[INFO] Rule 1: org.apache.maven.enforcer.rules.version.RequireJavaVersion passed
[INFO] Rule 2: org.apache.maven.enforcer.rules.ReactorModuleConvergence passed
[INFO] 
[INFO] --- flatten:1.7.3:flatten (flatten) @ final_course_sap-parent ---
[INFO] Generating flattened POM of project customer:final_course_sap-parent:pom:1.0.0-SNAPSHOT...
[INFO] 
[INFO] ---------------------< customer:final_course_sap >----------------------
[INFO] Building final_course_sap 1.0.0-SNAPSHOT                           [2/2]
[INFO]   from srv\pom.xml
[INFO] --------------------------------[ jar ]---------------------------------
[INFO] 
[INFO] --- clean:3.2.0:clean (default-clean) @ final_course_sap ---
[INFO] Deleting D:\Github\final_course_sap\srv\target
[INFO] 
[INFO] --- flatten:1.7.3:clean (flatten.clean) @ final_course_sap ---
[INFO] Deleting D:\Github\final_course_sap\srv\.flattened-pom.xml
[INFO] 
[INFO] --- cds:4.8.0:clean (cds.clean) @ final_course_sap ---
[INFO] CleanMojo: Deleting D:\Github\final_course_sap\srv\src\gen
[INFO] CleanMojo: Deleting D:\Github\final_course_sap\srv\src\main\resources\edmx\csn.json
[INFO] CleanMojo: Deleting D:\Github\final_course_sap\srv\src\main\resources\edmx
[INFO] CleanMojo: Deleting D:\Github\final_course_sap\srv\src\main\resources\schema-h2.sql
[INFO] 
[INFO] --- enforcer:3.6.2:enforce (Project Structure Checks) @ final_course_sap ---
[INFO] 
[INFO] --- cds:4.8.0:install-node (cds.install-node) @ final_course_sap ---
[INFO] InstallNodeMojo: Node.js v22.22.0 already installed.
[INFO] 
[INFO] --- cds:4.8.0:npm (cds.npm-ci) @ final_course_sap ---
[INFO] NpmMojo: Using npm provided by goal install-node: C:\Users\sugah\.m2\repository\com\sap\cds\cds-maven-plugin\cache\unpacked\22.22.0\unpacked-22.22.0-win-x64.zip\node-v22.22.0-win-x64\npm.cmd
[INFO] NpmMojo: Identified D:\Github\final_course_sap as reactor base directory.
[INFO] NpmMojo: Using directory containing a .cdsrc.json as working directory: D:\Github\final_course_sap
[INFO] NpmMojo: Executing [C:\Users\sugah\.m2\repository\com\sap\cds\cds-maven-plugin\cache\unpacked\22.22.0\unpacked-22.22.0-win-x64.zip\node-v22.22.0-win-x64\npm.cmd, ci] in working directory D:\Github\final_course_sap
[INFO] NpmMojo: npm warn deprecated prebuild-install@7.1.3: No longer maintained. Please contact the author of the relevant native addon; alternatives are available.

added 156 packages, and audited 157 packages in 11s

38 packages are looking for funding
  run `npm fund` for details

found 0 vulnerabilities

[INFO] 
[INFO] --- cds:4.8.0:resolve (cds.resolve) @ final_course_sap ---
[INFO] 
[INFO] --- cds:4.8.0:cds (cds.build) @ final_course_sap ---
[INFO] CdsMojo: Using npx provided by goal install-node: C:\Users\sugah\.m2\repository\com\sap\cds\cds-maven-plugin\cache\unpacked\22.22.0\unpacked-22.22.0-win-x64.zip\node-v22.22.0-win-x64\npx.cmd
[INFO] CdsMojo: Using directory containing a .cdsrc.json as working directory: D:\Github\final_course_sap
[INFO] CdsMojo: Executing [C:\Users\sugah\.m2\repository\com\sap\cds\cds-maven-plugin\cache\unpacked\22.22.0\unpacked-22.22.0-win-x64.zip\node-v22.22.0-win-x64\npx.cmd, -c, cds version] in working directory D:\Github\final_course_sap
[INFO] CdsMojo: Using configured working directory: D:\Github\final_course_sap
[INFO] CdsMojo: Executing [C:\Users\sugah\.m2\repository\com\sap\cds\cds-maven-plugin\cache\unpacked\22.22.0\unpacked-22.22.0-win-x64.zip\node-v22.22.0-win-x64\npx.cmd, -c, cds build --for java] in working directory D:\Github\final_course_sap
[INFO] CdsMojo: building project with {
  versions: { cds: '9.8.2', compiler: '6.8.0', dk: '9.8.1' },
  target: '.',
  tasks: [
    { src: 'srv', for: 'java', options: { model: [ 'db', 'srv', '@sap/cds/srv/outbox' ] } }
  ]
}
writing generation log to [D:\Github\final_course_sap\srv\target\cds-build.log]

done > wrote output to:
   srv\src\main\resources\edmx\_i18n\i18n.json
   srv\src\main\resources\edmx\_i18n\messages.properties
   srv\src\main\resources\edmx\_i18n\messages_ar.properties
   srv\src\main\resources\edmx\_i18n\messages_bg.properties
   srv\src\main\resources\edmx\_i18n\messages_cs.properties
   srv\src\main\resources\edmx\_i18n\messages_da.properties
   srv\src\main\resources\edmx\_i18n\messages_de.properties
   srv\src\main\resources\edmx\_i18n\messages_el.properties
   srv\src\main\resources\edmx\_i18n\messages_en.properties
   srv\src\main\resources\edmx\_i18n\messages_en_US_saptrc.properties
   srv\src\main\resources\edmx\_i18n\messages_es.properties
   srv\src\main\resources\edmx\_i18n\messages_es_MX.properties
   srv\src\main\resources\edmx\_i18n\messages_fi.properties
   srv\src\main\resources\edmx\_i18n\messages_fr.properties
   srv\src\main\resources\edmx\_i18n\messages_he.properties
   srv\src\main\resources\edmx\_i18n\messages_hr.properties
   srv\src\main\resources\edmx\_i18n\messages_hu.properties
   srv\src\main\resources\edmx\_i18n\messages_it.properties
   srv\src\main\resources\edmx\_i18n\messages_ja.properties
   srv\src\main\resources\edmx\_i18n\messages_kk.properties
   srv\src\main\resources\edmx\_i18n\messages_ko.properties
   srv\src\main\resources\edmx\_i18n\messages_ms.properties
   srv\src\main\resources\edmx\_i18n\messages_nl.properties
   srv\src\main\resources\edmx\_i18n\messages_no.properties
   srv\src\main\resources\edmx\_i18n\messages_pl.properties
   srv\src\main\resources\edmx\_i18n\messages_pt.properties
   srv\src\main\resources\edmx\_i18n\messages_ro.properties
   srv\src\main\resources\edmx\_i18n\messages_ru.properties
   srv\src\main\resources\edmx\_i18n\messages_sh.properties
   srv\src\main\resources\edmx\_i18n\messages_sk.properties
   ... 10 more. Run with DEBUG=build to show all files.

build completed in 6712 ms
[INFO] CdsMojo: Executing [C:\Users\sugah\.m2\repository\com\sap\cds\cds-maven-plugin\cache\unpacked\22.22.0\unpacked-22.22.0-win-x64.zip\node-v22.22.0-win-x64\npx.cmd, -c, cds deploy --to h2 --with-mocks --dry --out \"D:\Github\final_course_sap\srv/src/main/resources/schema-h2.sql\"] in working directory D:\Github\final_course_sap
[INFO] CdsMojo: 
[INFO] 
[INFO] --- cds:4.8.0:generate (cds.generate) @ final_course_sap ---
[INFO] GenerateMojo: Adding code output directory D:\Github\final_course_sap\srv\src\gen\java to compile source directories.
[INFO] GenerateMojo: Adding directory D:\Github\final_course_sap\srv\src\gen\resources to resources.
[INFO] GenerateMojo: Using D:\Github\final_course_sap\srv\src\main\resources\edmx\csn.json to generate Java classes into D:\Github\final_course_sap\srv\src\gen.
[INFO] GenerateMojo: Using module srv: groupId=customer, artifactId=final_course_sap, version=1.0.0-SNAPSHOT
[INFO] GenerateMojo: Class generation finished successfully
[INFO] 
[INFO] --- resources:3.3.1:resources (default-resources) @ final_course_sap ---
[INFO] Copying 42 resources from src\main\resources to target\classes
[INFO] Copying 1 resource from src\gen\resources to target\classes
[INFO] 
[INFO] --- flatten:1.7.3:flatten (flatten) @ final_course_sap ---
[INFO] Generating flattened POM of project customer:final_course_sap:jar:1.0.0-SNAPSHOT...
[INFO] 
[INFO] --- compiler:3.15.0:compile (default-compile) @ final_course_sap ---
[INFO] Recompiling the module because of added or removed source files.
[INFO] Compiling 67 source files with javac [debug release 21] to target\classes
[INFO] Some messages have been simplified; recompile with -Xdiags:verbose to get full output
[INFO] -------------------------------------------------------------
[ERROR] COMPILATION ERROR : 
[INFO] -------------------------------------------------------------
[ERROR] /D:/Github/final_course_sap/srv/src/main/java/customer/final_course_sap/report/PdfReportGenerator.java:[71,40] no suitable method found for createFont(<nulltype>,java.lang.String,boolean)
    method com.itextpdf.kernel.font.PdfFontFactory.createFont(java.lang.String,java.lang.String,com.itextpdf.kernel.pdf.PdfDocument) is not applicable
      (argument mismatch; boolean cannot be converted to com.itextpdf.kernel.pdf.PdfDocument)
    method com.itextpdf.kernel.font.PdfFontFactory.createFont(java.lang.String,java.lang.String,com.itextpdf.kernel.font.PdfFontFactory.EmbeddingStrategy) is not applicable
      (argument mismatch; boolean cannot be converted to com.itextpdf.kernel.font.PdfFontFactory.EmbeddingStrategy)
    method com.itextpdf.kernel.font.PdfFontFactory.createFont(com.itextpdf.io.font.FontProgram,java.lang.String,com.itextpdf.kernel.font.PdfFontFactory.EmbeddingStrategy) is not applicable
      (argument mismatch; boolean cannot be converted to com.itextpdf.kernel.font.PdfFontFactory.EmbeddingStrategy)
    method com.itextpdf.kernel.font.PdfFontFactory.createFont(byte[],java.lang.String,com.itextpdf.kernel.font.PdfFontFactory.EmbeddingStrategy) is not applicable
      (argument mismatch; boolean cannot be converted to com.itextpdf.kernel.font.PdfFontFactory.EmbeddingStrategy)
[ERROR] /D:/Github/final_course_sap/srv/src/main/java/customer/final_course_sap/report/PdfReportGenerator.java:[72,43] no suitable method found for createFont(<nulltype>,java.lang.String,boolean)
    method com.itextpdf.kernel.font.PdfFontFactory.createFont(java.lang.String,java.lang.String,com.itextpdf.kernel.pdf.PdfDocument) is not applicable
      (argument mismatch; boolean cannot be converted to com.itextpdf.kernel.pdf.PdfDocument)
    method com.itextpdf.kernel.font.PdfFontFactory.createFont(java.lang.String,java.lang.String,com.itextpdf.kernel.font.PdfFontFactory.EmbeddingStrategy) is not applicable
      (argument mismatch; boolean cannot be converted to com.itextpdf.kernel.font.PdfFontFactory.EmbeddingStrategy)
    method com.itextpdf.kernel.font.PdfFontFactory.createFont(com.itextpdf.io.font.FontProgram,java.lang.String,com.itextpdf.kernel.font.PdfFontFactory.EmbeddingStrategy) is not applicable
      (argument mismatch; boolean cannot be converted to com.itextpdf.kernel.font.PdfFontFactory.EmbeddingStrategy)
    method com.itextpdf.kernel.font.PdfFontFactory.createFont(byte[],java.lang.String,com.itextpdf.kernel.font.PdfFontFactory.EmbeddingStrategy) is not applicable
      (argument mismatch; boolean cannot be converted to com.itextpdf.kernel.font.PdfFontFactory.EmbeddingStrategy)
[INFO] 2 errors 
[INFO] -------------------------------------------------------------
[INFO] ------------------------------------------------------------------------
[INFO] Reactor Summary for final_course_sap parent 1.0.0-SNAPSHOT:
[INFO] 
[INFO] final_course_sap parent ............................ SUCCESS [  0.695 s]
[INFO] final_course_sap ................................... FAILURE [ 38.420 s]
[INFO] ------------------------------------------------------------------------
[INFO] BUILD FAILURE
[INFO] ------------------------------------------------------------------------
[INFO] Total time:  39.443 s
[INFO] Finished at: 2026-03-13T19:12:22+07:00
[INFO] ------------------------------------------------------------------------
[ERROR] Failed to execute goal org.apache.maven.plugins:maven-compiler-plugin:3.15.0:compile (default-compile) on project final_course_sap: Compilation failure: Compilation failure: 
[ERROR] /D:/Github/final_course_sap/srv/src/main/java/customer/final_course_sap/report/PdfReportGenerator.java:[71,40] no suitable method found for createFont(<nulltype>,java.lang.String,boolean)
[ERROR]     method com.itextpdf.kernel.font.PdfFontFactory.createFont(java.lang.String,java.lang.String,com.itextpdf.kernel.pdf.PdfDocument) is not applicable
[ERROR]       (argument mismatch; boolean cannot be converted to com.itextpdf.kernel.pdf.PdfDocument)
[ERROR]     method com.itextpdf.kernel.font.PdfFontFactory.createFont(java.lang.String,java.lang.String,com.itextpdf.kernel.font.PdfFontFactory.EmbeddingStrategy) is not applicable
[ERROR]       (argument mismatch; boolean cannot be converted to com.itextpdf.kernel.font.PdfFontFactory.EmbeddingStrategy)
[ERROR]     method com.itextpdf.kernel.font.PdfFontFactory.createFont(com.itextpdf.io.font.FontProgram,java.lang.String,com.itextpdf.kernel.font.PdfFontFactory.EmbeddingStrategy) is not applicable
[ERROR]       (argument mismatch; boolean cannot be converted to com.itextpdf.kernel.font.PdfFontFactory.EmbeddingStrategy)
[ERROR]     method com.itextpdf.kernel.font.PdfFontFactory.createFont(byte[],java.lang.String,com.itextpdf.kernel.font.PdfFontFactory.EmbeddingStrategy) is not applicable
[ERROR]       (argument mismatch; boolean cannot be converted to com.itextpdf.kernel.font.PdfFontFactory.EmbeddingStrategy)
[ERROR] /D:/Github/final_course_sap/srv/src/main/java/customer/final_course_sap/report/PdfReportGenerator.java:[72,43] no suitable method found for createFont(<nulltype>,java.lang.String,boolean)
[ERROR]     method com.itextpdf.kernel.font.PdfFontFactory.createFont(java.lang.String,java.lang.String,com.itextpdf.kernel.pdf.PdfDocument) is not applicable
[ERROR]       (argument mismatch; boolean cannot be converted to com.itextpdf.kernel.pdf.PdfDocument)
[ERROR]     method com.itextpdf.kernel.font.PdfFontFactory.createFont(java.lang.String,java.lang.String,com.itextpdf.kernel.font.PdfFontFactory.EmbeddingStrategy) is not applicable
[ERROR]       (argument mismatch; boolean cannot be converted to com.itextpdf.kernel.font.PdfFontFactory.EmbeddingStrategy)
[ERROR]     method com.itextpdf.kernel.font.PdfFontFactory.createFont(com.itextpdf.io.font.FontProgram,java.lang.String,com.itextpdf.kernel.font.PdfFontFactory.EmbeddingStrategy) is not applicable
[ERROR]       (argument mismatch; boolean cannot be converted to com.itextpdf.kernel.font.PdfFontFactory.EmbeddingStrategy)
[ERROR]     method com.itextpdf.kernel.font.PdfFontFactory.createFont(byte[],java.lang.String,com.itextpdf.kernel.font.PdfFontFactory.EmbeddingStrategy) is not applicable
[ERROR]       (argument mismatch; boolean cannot be converted to com.itextpdf.kernel.font.PdfFontFactory.EmbeddingStrategy)
[ERROR] -> [Help 1]
[ERROR] 
[ERROR] To see the full stack trace of the errors, re-run Maven with the -e switch.
[ERROR] Re-run Maven using the -X switch to enable full debug logging.
[ERROR] 
[ERROR] For more information about the errors and possible solutions, please read the following articles:
[ERROR] [Help 1] http://cwiki.apache.org/confluence/display/MAVEN/MojoFailureException
[ERROR] 
[ERROR] After correcting the problems, you can resume the build with the command
[ERROR]   mvn <args> -rf :final_course_sap
